1770879038368	geckodriver	INFO	Listening on 127.0.0.1:58561
1770879041533	mozrunner::runner	INFO	Running command: "C:\\Program Files\\Mozilla Firefox\\firefox.exe" "--marionette" "--remote-debugging-port" "58562" "--remote-allow-hosts" "localhost" "-no-remote" "-profile" "C:\\Users\\KAVITA~1.CHO\\AppData\\Local\\Temp\\rust_mozprofileYpFfQr"
console.warn: services.settings: Ignoring preference override of remote settings server
console.warn: services.settings: Allow by setting MOZ_REMOTE_SETTINGS_DEVTOOLS=1 in the environment
1770879043071	Marionette	INFO	Marionette enabled
Dynamically enable window occlusion 0
1770879044479	Marionette	INFO	Listening on port 50945
WebDriver BiDi listening on ws://127.0.0.1:58562
Read port: 50945
1770879045173	RemoteAgent	WARN	TLS certificate errors will be ignored for this session
console.error: services.settings: 
  main/partitioning-exempt-urls Signature failed  InvalidSignatureError: Invalid content signature (main/partitioning-exempt-urls) using 'remote-settings.content-signature.mozilla.org-2026-03-28-10-13-31.chain'
console.error: services.settings: 
  main/partitioning-exempt-urls local data was corrupted
console.warn: services.settings: main/partitioning-exempt-urls Signature verified failed. Retry from scratch
console.error: services.settings: 
  main/partitioning-exempt-urls Signature failed again InvalidSignatureError: Invalid content signature (main/partitioning-exempt-urls) using 'remote-settings.content-signature.mozilla.org-2026-03-28-10-13-31.chain'
console.error: (new InvalidSignatureError("Invalid content signature (main/partitioning-exempt-urls) using 'remote-settings.content-signature.mozilla.org-2026-03-28-10-13-31.chain'", "resource://services-settings/RemoteSettingsClient.sys.mjs", 165))
console.warn: LoginRecipes: "Falling back to a synchronous message for: http://10.13.1.180."
console.warn: LoginRecipes: "Falling back to a synchronous message for: http://10.13.1.180."
console.error: services.settings: 
  security-state/cert-revocations Signature failed  InvalidSignatureError: Invalid content signature (security-state/cert-revocations) using 'onecrl.content-signature.mozilla.org-2026-03-30-13-21-28.chain'
console.error: services.settings: 
  security-state/cert-revocations local data was corrupted
console.warn: services.settings: security-state/cert-revocations Signature verified failed. Retry from scratch
console.error: services.settings: 
  security-state/cert-revocations Signature failed again InvalidSignatureError: Invalid content signature (security-state/cert-revocations) using 'onecrl.content-signature.mozilla.org-2026-03-30-13-21-28.chain'
console.error: services.settings: 
  Message: InvalidSignatureError: Invalid content signature (security-state/cert-revocations) using 'onecrl.content-signature.mozilla.org-2026-03-30-13-21-28.chain'
  Stack:
    InvalidSignatureError@resource://services-settings/RemoteSettingsClient.sys.mjs:165:5
_validateCollectionSignature@resource://services-settings/RemoteSettingsClient.sys.mjs:1017:13

console.error: services.settings: 
  security-state/intermediates Signature failed  InvalidSignatureError: Invalid content signature (security-state/intermediates) using 'onecrl.content-signature.mozilla.org-2026-03-30-13-21-28.chain'
console.error: services.settings: 
  security-state/intermediates local data was corrupted
console.warn: services.settings: security-state/intermediates Signature verified failed. Retry from scratch
1770879075801	Marionette	INFO	Stopped listening on port 50945
Dynamically enable window occlusion 1
console.error: services.settings: 
  Message: Error: IndexedDB: security-state/intermediates list() IndexedDB:  execute() The application is shutting down
  Stack:
    IndexedDBError@resource://services-settings/IDBHelpers.sys.mjs:14:15
ShutdownError@resource://services-settings/IDBHelpers.sys.mjs:24:5
executeIDB@resource://services-settings/Database.sys.mjs:446:13
list@resource://services-settings/Database.sys.mjs:36:13
_importChanges@resource://services-settings/RemoteSettingsClient.sys.mjs:1074:36
observe@resource://gre/modules/AsyncShutdown.sys.mjs:573:17

console.error: (new Error("IndexedDB: main/nimbus-mobile-experiments getLastModified() IndexedDB:  execute() The application is shutting down", "resource://services-settings/IDBHelpers.sys.mjs", 16))
