1770892338411	geckodriver	INFO	Listening on 127.0.0.1:51408
1770892341500	mozrunner::runner	INFO	Running command: "C:\\Program Files\\Mozilla Firefox\\firefox.exe" "--marionette" "--disable-popup-blocking" "--allow-running ... emote-allow-hosts" "localhost" "-no-remote" "-profile" "C:\\Users\\KAVITA~1.CHO\\AppData\\Local\\Temp\\rust_mozprofile8jkWYP"
console.warn: services.settings: Ignoring preference override of remote settings server
console.warn: services.settings: Allow by setting MOZ_REMOTE_SETTINGS_DEVTOOLS=1 in the environment
1770892341960	Marionette	INFO	Marionette enabled
Dynamically enable window occlusion 0
console.error: "Warning: unrecognized command line flag" "-disable-popup-blocking"
console.error: "Warning: unrecognized command line flag" "-disable-web-security"
1770892342304	Marionette	INFO	Listening on port 60002
WebDriver BiDi listening on ws://127.0.0.1:51409
Read port: 60002
1770892342370	RemoteAgent	WARN	TLS certificate errors will be ignored for this session
console.error: services.settings: 
  main/partitioning-exempt-urls Signature failed  InvalidSignatureError: Invalid content signature (main/partitioning-exempt-urls) using 'remote-settings.content-signature.mozilla.org-2026-03-28-10-13-31.chain'
console.error: services.settings: 
  main/partitioning-exempt-urls local data was corrupted
console.warn: services.settings: main/partitioning-exempt-urls Signature verified failed. Retry from scratch
console.error: services.settings: 
  main/partitioning-exempt-urls Signature failed again InvalidSignatureError: Invalid content signature (main/partitioning-exempt-urls) using 'remote-settings.content-signature.mozilla.org-2026-03-28-10-13-31.chain'
console.error: (new InvalidSignatureError("Invalid content signature (main/partitioning-exempt-urls) using 'remote-settings.content-signature.mozilla.org-2026-03-28-10-13-31.chain'", "resource://services-settings/RemoteSettingsClient.sys.mjs", 165))
1770892365242	Marionette	WARN	Ignoring event 'pageshow' because document has an invalid readyState of 'uninitialized'.
1770892365507	Marionette	INFO	Stopped listening on port 60002
Dynamically enable window occlusion 1
