1770891084184	geckodriver	INFO	Listening on 127.0.0.1:54670
1770891087303	mozrunner::runner	INFO	Running command: "C:\\Program Files\\Mozilla Firefox\\firefox.exe" "--marionette" "--disable-popup-blocking" "--allow-running ... emote-allow-hosts" "localhost" "-no-remote" "-profile" "C:\\Users\\KAVITA~1.CHO\\AppData\\Local\\Temp\\rust_mozprofileJ8HD8y"
console.warn: services.settings: Ignoring preference override of remote settings server
console.warn: services.settings: Allow by setting MOZ_REMOTE_SETTINGS_DEVTOOLS=1 in the environment
1770891087707	Marionette	INFO	Marionette enabled
Dynamically enable window occlusion 0
console.error: "Warning: unrecognized command line flag" "-disable-popup-blocking"
console.error: "Warning: unrecognized command line flag" "-disable-web-security"
1770891088021	Marionette	INFO	Listening on port 63690
WebDriver BiDi listening on ws://127.0.0.1:54671
Read port: 63690
1770891088223	RemoteAgent	WARN	TLS certificate errors will be ignored for this session
console.error: services.settings: 
  main/partitioning-exempt-urls Signature failed  InvalidSignatureError: Invalid content signature (main/partitioning-exempt-urls) using 'remote-settings.content-signature.mozilla.org-2026-03-28-10-13-31.chain'
console.error: services.settings: 
  main/partitioning-exempt-urls local data was corrupted
console.warn: services.settings: main/partitioning-exempt-urls Signature verified failed. Retry from scratch
console.error: services.settings: 
  main/partitioning-exempt-urls Signature failed again InvalidSignatureError: Invalid content signature (main/partitioning-exempt-urls) using 'remote-settings.content-signature.mozilla.org-2026-03-28-10-13-31.chain'
console.error: (new InvalidSignatureError("Invalid content signature (main/partitioning-exempt-urls) using 'remote-settings.content-signature.mozilla.org-2026-03-28-10-13-31.chain'", "resource://services-settings/RemoteSettingsClient.sys.mjs", 165))
1770891110817	Marionette	WARN	Ignoring event 'pageshow' because document has an invalid readyState of 'uninitialized'.
1770891110985	Marionette	INFO	Stopped listening on port 63690
Dynamically enable window occlusion 1
