1770891173673	geckodriver	INFO	Listening on 127.0.0.1:64618
1770891176767	mozrunner::runner	INFO	Running command: "C:\\Program Files\\Mozilla Firefox\\firefox.exe" "--marionette" "--disable-popup-blocking" "--allow-running ... emote-allow-hosts" "localhost" "-no-remote" "-profile" "C:\\Users\\KAVITA~1.CHO\\AppData\\Local\\Temp\\rust_mozprofilehiK33d"
console.warn: services.settings: Ignoring preference override of remote settings server
console.warn: services.settings: Allow by setting MOZ_REMOTE_SETTINGS_DEVTOOLS=1 in the environment
1770891177417	Marionette	INFO	Marionette enabled
Dynamically enable window occlusion 0
console.error: "Warning: unrecognized command line flag" "-disable-popup-blocking"
console.error: "Warning: unrecognized command line flag" "-disable-web-security"
1770891178570	Marionette	INFO	Listening on port 56739
WebDriver BiDi listening on ws://127.0.0.1:64619
Read port: 56739
1770891178770	RemoteAgent	WARN	TLS certificate errors will be ignored for this session
console.error: services.settings: 
  main/partitioning-exempt-urls Signature failed  InvalidSignatureError: Invalid content signature (main/partitioning-exempt-urls) using 'remote-settings.content-signature.mozilla.org-2026-03-28-10-13-31.chain'
console.error: services.settings: 
  main/partitioning-exempt-urls local data was corrupted
console.warn: services.settings: main/partitioning-exempt-urls Signature verified failed. Retry from scratch
console.error: services.settings: 
  main/partitioning-exempt-urls Signature failed again InvalidSignatureError: Invalid content signature (main/partitioning-exempt-urls) using 'remote-settings.content-signature.mozilla.org-2026-03-28-10-13-31.chain'
console.error: (new InvalidSignatureError("Invalid content signature (main/partitioning-exempt-urls) using 'remote-settings.content-signature.mozilla.org-2026-03-28-10-13-31.chain'", "resource://services-settings/RemoteSettingsClient.sys.mjs", 165))
1770891184262	Marionette	INFO	Stopped listening on port 56739
Dynamically enable window occlusion 1
